::1 - - [04/Sep/2026 05:16:49] "GET /index.html HTTP/1.1" 200 -
::1 - - [04/Sep/2026 05:22:10] "GET /index.html HTTP/1.1" 200 -
::1 - - [04/Sep/2026 05:22:10] "GET /assets/vendor/bootstrap/css/bootstrap.css HTTP/1.1" 200 -
::1 - - [04/Sep/2026 05:22:10] "GET /assets/css/style.css HTTP/1.1" 200 -
::1 - - [04/Sep/2026 05:22:10] "GET /assets/images/photo_2024-08-11_14-02-10%20(2).jpg HTTP/1.1" 200 -
::1 - - [04/Sep/2026 05:22:10] "GET /assets/images/logo%20bioprint-09.png HTTP/1.1" 200 -
::1 - - [04/Sep/2026 05:22:10] "GET /assets/images/photo_2024-08-11_14-02-10.jpg HTTP/1.1" 200 -
::1 - - [04/Sep/2026 05:22:10] "GET /assets/images/photo_2024-08-11_14-02-11%20(3).jpg HTTP/1.1" 200 -
::1 - - [04/Sep/2026 05:22:10] "GET /assets/js/index-menu.js HTTP/1.1" 200 -
::1 - - [04/Sep/2026 05:22:10] "GET /assets/images/photo_2024-08-11_14-02-11.jpg HTTP/1.1" 200 -
::1 - - [04/Sep/2026 05:22:11] "GET /assets/vendor/bootstrap/js/bootstrap.bundle.js HTTP/1.1" 200 -
::1 - - [04/Sep/2026 05:22:13] "GET /assets/images/femme%20africaine%20accueil.jpg HTTP/1.1" 200 -
::1 - - [04/Sep/2026 05:22:20] "GET /assets/images/fa%C3%A7ade-femme.jpg HTTP/1.1" 200 -
::1 - - [04/Sep/2026 05:22:20] "GET /assets/images/Image%20footer%201.jpg HTTP/1.1" 200 -
::1 - - [04/Sep/2026 05:22:20] "GET /assets/images/Image%20footer%202.jpg HTTP/1.1" 200 -
::1 - - [04/Sep/2026 05:22:20] "GET /assets/images/masco%20bio.png HTTP/1.1" 200 -
::1 - - [04/Sep/2026 05:22:20] "GET /assets/images/chemise%20bio2%20.jpg HTTP/1.1" 200 -
::1 - - [04/Sep/2026 05:22:20] code 404, message File not found
::1 - - [04/Sep/2026 05:22:20] "GET /favicon.ico HTTP/1.1" 404 -
::1 - - [04/Sep/2026 05:22:41] "GET /pages/about.html HTTP/1.1" 200 -
::1 - - [04/Sep/2026 05:22:41] "GET /assets/vendor/bootstrap/css/bootstrap.css HTTP/1.1" 200 -
::1 - - [04/Sep/2026 05:22:41] "GET /assets/css/style.css HTTP/1.1" 200 -
::1 - - [04/Sep/2026 05:22:41] "GET /assets/js/index-menu.js HTTP/1.1" 200 -
::1 - - [04/Sep/2026 05:22:42] "GET /assets/images/logo%20bioprint-09.png HTTP/1.1" 200 -
::1 - - [04/Sep/2026 05:22:42] "GET /assets/vendor/bootstrap/js/bootstrap.bundle.js HTTP/1.1" 200 -
::1 - - [04/Sep/2026 05:22:44] "GET /assets/images/chemise%20bio2%20.jpg HTTP/1.1" 200 -
::1 - - [04/Sep/2026 05:22:44] "GET /assets/images/fa%C3%A7ade-femme.jpg HTTP/1.1" 200 -
::1 - - [04/Sep/2026 05:22:48] "GET /assets/images/Image%20footer%202.jpg HTTP/1.1" 200 -
::1 - - [04/Sep/2026 05:23:02] "GET /pages/contact.html HTTP/1.1" 200 -
::1 - - [04/Sep/2026 05:23:02] "GET /assets/css/contact/nous-contacter.css HTTP/1.1" 200 -
::1 - - [04/Sep/2026 05:23:02] "GET /assets/js/index-menu.js HTTP/1.1" 200 -
::1 - - [04/Sep/2026 05:23:02] "GET /assets/images/logo%20bioprint-09.png HTTP/1.1" 200 -
::1 - - [04/Sep/2026 05:23:04] "GET /assets/images/fa%C3%A7ade-femme.jpg HTTP/1.1" 200 -
::1 - - [04/Sep/2026 05:23:22] "GET /pages/services/conception.html HTTP/1.1" 200 -
::1 - - [04/Sep/2026 05:23:22] "GET /assets/css/services/style.css HTTP/1.1" 200 -
::1 - - [04/Sep/2026 05:23:22] "GET /assets/images/services/utilinfo.jpg HTTP/1.1" 200 -
::1 - - [04/Sep/2026 05:23:22] "GET /assets/js/index-menu.js HTTP/1.1" 200 -
::1 - - [04/Sep/2026 05:23:23] "GET /assets/images/logo%20bioprint-09.png HTTP/1.1" 200 -
::1 - - [04/Sep/2026 05:23:27] "GET /assets/images/services/guide.jpg HTTP/1.1" 200 -
::1 - - [04/Sep/2026 05:23:43] "GET /pages/services/impressions.html HTTP/1.1" 200 -
::1 - - [04/Sep/2026 05:23:43] "GET /assets/css/services/style.css HTTP/1.1" 200 -
::1 - - [04/Sep/2026 05:23:43] "GET /assets/images/services/impessios%20nuerique.png HTTP/1.1" 200 -
::1 - - [04/Sep/2026 05:23:43] "GET /assets/js/index-menu.js HTTP/1.1" 200 -
::1 - - [04/Sep/2026 05:23:43] "GET /assets/images/logo%20bioprint-09.png HTTP/1.1" 200 -
::1 - - [04/Sep/2026 05:23:45] "GET /assets/images/services/guide.jpg HTTP/1.1" 200 -
::1 - - [04/Sep/2026 05:24:03] "GET /pages/services/imprimerie.html HTTP/1.1" 200 -
::1 - - [04/Sep/2026 05:24:03] "GET /assets/css/services/style.css HTTP/1.1" 200 -
::1 - - [04/Sep/2026 05:24:03] "GET /assets/images/services/imprimerir&ofset.png HTTP/1.1" 200 -
::1 - - [04/Sep/2026 05:24:03] "GET /assets/js/index-menu.js HTTP/1.1" 200 -
::1 - - [04/Sep/2026 05:24:06] "GET /assets/images/logo%20bioprint-09.png HTTP/1.1" 200 -
::1 - - [04/Sep/2026 05:24:06] "GET /assets/images/services/guide.jpg HTTP/1.1" 200 -
::1 - - [04/Sep/2026 05:24:23] "GET /pages/services/serigraphie.html HTTP/1.1" 200 -
::1 - - [04/Sep/2026 05:24:24] "GET /assets/css/services/style.css HTTP/1.1" 200 -
::1 - - [04/Sep/2026 05:24:24] "GET /assets/js/index-menu.js HTTP/1.1" 200 -
::1 - - [04/Sep/2026 05:24:24] "GET /assets/images/services/serigraphie.jpg HTTP/1.1" 200 -
::1 - - [04/Sep/2026 05:24:25] "GET /assets/images/logo%20bioprint-09.png HTTP/1.1" 200 -
::1 - - [04/Sep/2026 05:24:26] "GET /assets/images/services/guide.jpg HTTP/1.1" 200 -
::1 - - [04/Sep/2026 05:24:44] "GET /pages/services/conceptionsitweb.html HTTP/1.1" 200 -
::1 - - [04/Sep/2026 05:24:44] "GET /assets/css/services/style.css HTTP/1.1" 200 -
::1 - - [04/Sep/2026 05:24:44] "GET /assets/images/services/concepsiteweb.jpg HTTP/1.1" 200 -
::1 - - [04/Sep/2026 05:24:44] "GET /assets/js/index-menu.js HTTP/1.1" 200 -
::1 - - [04/Sep/2026 05:24:46] "GET /assets/images/logo%20bioprint-09.png HTTP/1.1" 200 -
::1 - - [04/Sep/2026 05:24:47] "GET /assets/images/services/guide.jpg HTTP/1.1" 200 -
::1 - - [04/Sep/2026 05:25:01] "GET /index.html HTTP/1.1" 200 -
::1 - - [04/Sep/2026 05:25:01] "GET /assets/vendor/bootstrap/css/bootstrap.css HTTP/1.1" 200 -
::1 - - [04/Sep/2026 05:25:01] "GET /assets/css/style.css HTTP/1.1" 200 -
::1 - - [04/Sep/2026 05:25:01] "GET /assets/images/photo_2024-08-11_14-02-10%20(2).jpg HTTP/1.1" 200 -
::1 - - [04/Sep/2026 05:25:01] "GET /assets/images/logo%20bioprint-09.png HTTP/1.1" 200 -
::1 - - [04/Sep/2026 05:25:01] "GET /assets/images/photo_2024-08-11_14-02-10.jpg HTTP/1.1" 200 -
::1 - - [04/Sep/2026 05:25:01] "GET /assets/images/photo_2024-08-11_14-02-11%20(3).jpg HTTP/1.1" 200 -
::1 - - [04/Sep/2026 05:25:01] "GET /assets/images/photo_2024-08-11_14-02-11.jpg HTTP/1.1" 200 -
::1 - - [04/Sep/2026 05:25:01] "GET /assets/js/index-menu.js HTTP/1.1" 200 -
::1 - - [04/Sep/2026 05:25:01] "GET /assets/vendor/bootstrap/js/bootstrap.bundle.js HTTP/1.1" 200 -
::1 - - [04/Sep/2026 05:25:02] "GET /assets/images/femme%20africaine%20accueil.jpg HTTP/1.1" 200 -
::1 - - [04/Sep/2026 05:25:03] "GET /assets/images/chemise%20bio2%20.jpg HTTP/1.1" 200 -
::1 - - [04/Sep/2026 05:25:03] "GET /assets/images/fa%C3%A7ade-femme.jpg HTTP/1.1" 200 -
::1 - - [04/Sep/2026 05:25:03] "GET /assets/images/masco%20bio.png HTTP/1.1" 200 -
::1 - - [04/Sep/2026 05:25:03] "GET /assets/images/Image%20footer%201.jpg HTTP/1.1" 200 -
::1 - - [04/Sep/2026 05:25:03] "GET /assets/images/Image%20footer%202.jpg HTTP/1.1" 200 -
::1 - - [04/Sep/2026 05:25:23] "GET /pages/about.html HTTP/1.1" 200 -
::1 - - [04/Sep/2026 05:25:23] "GET /assets/vendor/bootstrap/css/bootstrap.css HTTP/1.1" 200 -
::1 - - [04/Sep/2026 05:25:23] "GET /assets/css/style.css HTTP/1.1" 200 -
::1 - - [04/Sep/2026 05:25:23] "GET /assets/js/index-menu.js HTTP/1.1" 200 -
::1 - - [04/Sep/2026 05:25:23] "GET /assets/images/logo%20bioprint-09.png HTTP/1.1" 200 -
::1 - - [04/Sep/2026 05:25:23] "GET /assets/vendor/bootstrap/js/bootstrap.bundle.js HTTP/1.1" 200 -
::1 - - [04/Sep/2026 05:25:26] "GET /assets/images/fa%C3%A7ade-femme.jpg HTTP/1.1" 200 -
::1 - - [04/Sep/2026 05:25:26] "GET /assets/images/chemise%20bio2%20.jpg HTTP/1.1" 200 -
::1 - - [04/Sep/2026 05:25:28] "GET /assets/images/Image%20footer%202.jpg HTTP/1.1" 200 -
::1 - - [04/Sep/2026 05:25:44] "GET /pages/contact.html HTTP/1.1" 200 -
::1 - - [04/Sep/2026 05:25:44] "GET /assets/css/contact/nous-contacter.css HTTP/1.1" 200 -
::1 - - [04/Sep/2026 05:25:44] "GET /assets/js/index-menu.js HTTP/1.1" 200 -
::1 - - [04/Sep/2026 05:25:47] "GET /assets/images/logo%20bioprint-09.png HTTP/1.1" 200 -
::1 - - [04/Sep/2026 05:25:49] "GET /assets/images/fa%C3%A7ade-femme.jpg HTTP/1.1" 200 -
::1 - - [04/Sep/2026 05:26:06] "GET /pages/services/conception.html HTTP/1.1" 200 -
::1 - - [04/Sep/2026 05:26:06] "GET /assets/css/services/style.css HTTP/1.1" 200 -
::1 - - [04/Sep/2026 05:26:06] "GET /assets/images/services/utilinfo.jpg HTTP/1.1" 200 -
::1 - - [04/Sep/2026 05:26:06] "GET /assets/js/index-menu.js HTTP/1.1" 200 -
::1 - - [04/Sep/2026 05:26:07] "GET /assets/images/logo%20bioprint-09.png HTTP/1.1" 200 -
::1 - - [04/Sep/2026 05:26:07] "GET /assets/images/services/guide.jpg HTTP/1.1" 200 -
::1 - - [04/Sep/2026 05:26:24] "GET /pages/services/impressions.html HTTP/1.1" 200 -
::1 - - [04/Sep/2026 05:26:24] "GET /assets/css/services/style.css HTTP/1.1" 200 -
::1 - - [04/Sep/2026 05:26:24] "GET /assets/images/services/impessios%20nuerique.png HTTP/1.1" 200 -
::1 - - [04/Sep/2026 05:26:24] "GET /assets/js/index-menu.js HTTP/1.1" 200 -
::1 - - [04/Sep/2026 05:26:25] "GET /assets/images/logo%20bioprint-09.png HTTP/1.1" 200 -
::1 - - [04/Sep/2026 05:26:25] "GET /assets/images/services/guide.jpg HTTP/1.1" 200 -
::1 - - [04/Sep/2026 05:26:43] "GET /pages/services/imprimerie.html HTTP/1.1" 200 -
::1 - - [04/Sep/2026 05:26:43] "GET /assets/css/services/style.css HTTP/1.1" 200 -
::1 - - [04/Sep/2026 05:26:43] "GET /assets/images/services/imprimerir&ofset.png HTTP/1.1" 200 -
::1 - - [04/Sep/2026 05:26:43] "GET /assets/js/index-menu.js HTTP/1.1" 200 -
::1 - - [04/Sep/2026 05:26:43] "GET /assets/images/logo%20bioprint-09.png HTTP/1.1" 200 -
::1 - - [04/Sep/2026 05:26:44] "GET /assets/images/services/guide.jpg HTTP/1.1" 200 -
::1 - - [04/Sep/2026 05:27:00] "GET /pages/services/serigraphie.html HTTP/1.1" 200 -
::1 - - [04/Sep/2026 05:27:00] "GET /assets/css/services/style.css HTTP/1.1" 200 -
::1 - - [04/Sep/2026 05:27:00] "GET /assets/images/services/serigraphie.jpg HTTP/1.1" 200 -
::1 - - [04/Sep/2026 05:27:00] "GET /assets/js/index-menu.js HTTP/1.1" 200 -
::1 - - [04/Sep/2026 05:27:00] "GET /assets/images/logo%20bioprint-09.png HTTP/1.1" 200 -
::1 - - [04/Sep/2026 05:27:01] "GET /assets/images/services/guide.jpg HTTP/1.1" 200 -
::1 - - [04/Sep/2026 05:27:14] "GET /pages/services/conceptionsitweb.html HTTP/1.1" 200 -
::1 - - [04/Sep/2026 05:27:14] "GET /assets/css/services/style.css HTTP/1.1" 200 -
::1 - - [04/Sep/2026 05:27:14] "GET /assets/images/services/concepsiteweb.jpg HTTP/1.1" 200 -
::1 - - [04/Sep/2026 05:27:14] "GET /assets/js/index-menu.js HTTP/1.1" 200 -
::1 - - [04/Sep/2026 05:27:15] "GET /assets/images/logo%20bioprint-09.png HTTP/1.1" 200 -
::1 - - [04/Sep/2026 05:27:18] "GET /assets/images/services/guide.jpg HTTP/1.1" 200 -
::1 - - [04/Sep/2026 05:29:08] "GET /index.html HTTP/1.1" 200 -
::1 - - [04/Sep/2026 05:29:08] "GET /assets/css/style.css HTTP/1.1" 200 -
::1 - - [04/Sep/2026 05:29:08] "GET /assets/vendor/bootstrap/css/bootstrap.css HTTP/1.1" 200 -
::1 - - [04/Sep/2026 05:29:08] "GET /assets/images/photo_2024-08-11_14-02-10%20(2).jpg HTTP/1.1" 200 -
::1 - - [04/Sep/2026 05:29:08] "GET /assets/images/logo%20bioprint-09.png HTTP/1.1" 200 -
::1 - - [04/Sep/2026 05:29:08] "GET /assets/images/photo_2024-08-11_14-02-10.jpg HTTP/1.1" 200 -
::1 - - [04/Sep/2026 05:29:08] "GET /assets/images/photo_2024-08-11_14-02-11%20(3).jpg HTTP/1.1" 200 -
::1 - - [04/Sep/2026 05:29:08] "GET /assets/images/photo_2024-08-11_14-02-11.jpg HTTP/1.1" 200 -
::1 - - [04/Sep/2026 05:29:08] "GET /assets/js/index-menu.js HTTP/1.1" 200 -
::1 - - [04/Sep/2026 05:29:08] "GET /assets/vendor/bootstrap/js/bootstrap.bundle.js HTTP/1.1" 200 -
::1 - - [04/Sep/2026 05:29:14] "GET /assets/images/femme%20africaine%20accueil.jpg HTTP/1.1" 200 -
::1 - - [04/Sep/2026 05:29:14] "GET /assets/images/chemise%20bio2%20.jpg HTTP/1.1" 200 -
::1 - - [04/Sep/2026 05:29:14] "GET /assets/images/fa%C3%A7ade-femme.jpg HTTP/1.1" 200 -
::1 - - [04/Sep/2026 05:29:26] "GET /assets/images/masco%20bio.png HTTP/1.1" 200 -
::1 - - [04/Sep/2026 05:29:26] "GET /assets/images/Image%20footer%201.jpg HTTP/1.1" 200 -
::1 - - [04/Sep/2026 05:29:26] "GET /assets/images/Image%20footer%202.jpg HTTP/1.1" 200 -
::1 - - [04/Sep/2026 05:29:28] "GET /pages/contact.html HTTP/1.1" 200 -
::1 - - [04/Sep/2026 05:29:28] "GET /assets/css/contact/nous-contacter.css HTTP/1.1" 200 -
::1 - - [04/Sep/2026 05:29:28] "GET /assets/js/index-menu.js HTTP/1.1" 200 -
::1 - - [04/Sep/2026 05:29:29] "GET /assets/images/logo%20bioprint-09.png HTTP/1.1" 200 -
::1 - - [04/Sep/2026 05:29:31] "GET /assets/images/fa%C3%A7ade-femme.jpg HTTP/1.1" 200 -
::1 - - [04/Sep/2026 05:29:49] code 404, message File not found
::1 - - [04/Sep/2026 05:29:49] "GET /favicon.ico HTTP/1.1" 404 -
::1 - - [04/Sep/2026 05:29:49] "GET /pages/services/conception.html HTTP/1.1" 200 -
::1 - - [04/Sep/2026 05:29:49] "GET /assets/css/services/style.css HTTP/1.1" 200 -
::1 - - [04/Sep/2026 05:29:49] "GET /assets/images/services/utilinfo.jpg HTTP/1.1" 200 -
::1 - - [04/Sep/2026 05:29:49] "GET /assets/js/index-menu.js HTTP/1.1" 200 -
::1 - - [04/Sep/2026 05:29:50] "GET /assets/images/logo%20bioprint-09.png HTTP/1.1" 200 -
::1 - - [04/Sep/2026 05:29:51] "GET /assets/images/services/guide.jpg HTTP/1.1" 200 -
::1 - - [04/Sep/2026 05:30:10] "GET /pages/about.html HTTP/1.1" 200 -
::1 - - [04/Sep/2026 05:30:10] "GET /assets/vendor/bootstrap/css/bootstrap.css HTTP/1.1" 200 -
::1 - - [04/Sep/2026 05:30:10] "GET /assets/css/style.css HTTP/1.1" 200 -
::1 - - [04/Sep/2026 05:30:10] "GET /assets/js/index-menu.js HTTP/1.1" 200 -
::1 - - [04/Sep/2026 05:30:10] "GET /assets/images/logo%20bioprint-09.png HTTP/1.1" 200 -
::1 - - [04/Sep/2026 05:30:10] "GET /assets/vendor/bootstrap/js/bootstrap.bundle.js HTTP/1.1" 200 -
::1 - - [04/Sep/2026 05:30:12] "GET /assets/images/chemise%20bio2%20.jpg HTTP/1.1" 200 -
::1 - - [04/Sep/2026 05:30:12] "GET /assets/images/fa%C3%A7ade-femme.jpg HTTP/1.1" 200 -
::1 - - [04/Sep/2026 05:30:19] "GET /assets/images/Image%20footer%202.jpg HTTP/1.1" 200 -
::1 - - [04/Sep/2026 05:39:32] "GET /pages/about.html HTTP/1.1" 200 -
::1 - - [04/Sep/2026 05:39:32] "GET /assets/vendor/bootstrap/css/bootstrap.css HTTP/1.1" 200 -
::1 - - [04/Sep/2026 05:39:32] "GET /assets/css/style.css HTTP/1.1" 200 -
::1 - - [04/Sep/2026 05:39:32] "GET /assets/js/index-menu.js HTTP/1.1" 200 -
::1 - - [04/Sep/2026 05:39:32] "GET /assets/images/logo%20bioprint-09.png HTTP/1.1" 200 -
::1 - - [04/Sep/2026 05:39:32] "GET /assets/vendor/bootstrap/js/bootstrap.bundle.js HTTP/1.1" 200 -
::1 - - [04/Sep/2026 05:39:34] "GET /assets/images/fa%C3%A7ade-femme.jpg HTTP/1.1" 200 -
::1 - - [04/Sep/2026 05:39:34] "GET /assets/images/Image%20footer%202.jpg HTTP/1.1" 200 -
::1 - - [04/Sep/2026 05:39:34] "GET /assets/images/chemise%20bio2%20.jpg HTTP/1.1" 200 -
::1 - - [04/Sep/2026 05:39:51] code 404, message File not found
::1 - - [04/Sep/2026 05:39:51] "GET /favicon.ico HTTP/1.1" 404 -
::1 - - [04/Sep/2026 05:39:52] "GET /pages/services/conception.html HTTP/1.1" 200 -
::1 - - [04/Sep/2026 05:39:52] "GET /assets/css/services/style.css HTTP/1.1" 200 -
::1 - - [04/Sep/2026 05:39:52] "GET /assets/images/services/utilinfo.jpg HTTP/1.1" 200 -
::1 - - [04/Sep/2026 05:39:52] "GET /assets/js/index-menu.js HTTP/1.1" 200 -
::1 - - [04/Sep/2026 05:39:53] "GET /assets/images/logo%20bioprint-09.png HTTP/1.1" 200 -
::1 - - [04/Sep/2026 05:39:54] "GET /assets/images/services/guide.jpg HTTP/1.1" 200 -
::1 - - [04/Sep/2026 06:01:24] "GET /index.html HTTP/1.1" 200 -
::1 - - [04/Sep/2026 06:01:42] "GET /index.html HTTP/1.1" 200 -
::1 - - [04/Sep/2026 06:01:42] "GET /assets/vendor/bootstrap/css/bootstrap.css HTTP/1.1" 200 -
::1 - - [04/Sep/2026 06:01:42] "GET /assets/css/style.css HTTP/1.1" 200 -
::1 - - [04/Sep/2026 06:01:42] "GET /assets/images/photo_2024-08-11_14-02-10%20(2).jpg HTTP/1.1" 200 -
::1 - - [04/Sep/2026 06:01:42] "GET /assets/images/logo%20bioprint-09.png HTTP/1.1" 200 -
::1 - - [04/Sep/2026 06:01:42] "GET /assets/images/photo_2024-08-11_14-02-10.jpg HTTP/1.1" 200 -
::1 - - [04/Sep/2026 06:01:42] "GET /assets/images/photo_2024-08-11_14-02-11%20(3).jpg HTTP/1.1" 200 -
::1 - - [04/Sep/2026 06:01:43] "GET /assets/images/photo_2024-08-11_14-02-11.jpg HTTP/1.1" 200 -
::1 - - [04/Sep/2026 06:01:43] "GET /assets/js/index-menu.js HTTP/1.1" 200 -
::1 - - [04/Sep/2026 06:01:43] "GET /assets/vendor/bootstrap/js/bootstrap.bundle.js HTTP/1.1" 200 -
::1 - - [04/Sep/2026 06:01:43] "GET /assets/images/femme%20africaine%20accueil.jpg HTTP/1.1" 200 -
::1 - - [04/Sep/2026 06:01:43] "GET /assets/images/chemise%20bio2%20.jpg HTTP/1.1" 200 -
::1 - - [04/Sep/2026 06:01:43] "GET /assets/images/fa%C3%A7ade-femme.jpg HTTP/1.1" 200 -
::1 - - [04/Sep/2026 06:01:43] "GET /assets/images/masco%20bio.png HTTP/1.1" 200 -
::1 - - [04/Sep/2026 06:01:43] "GET /assets/images/Image%20footer%201.jpg HTTP/1.1" 200 -
::1 - - [04/Sep/2026 06:01:43] "GET /assets/images/Image%20footer%202.jpg HTTP/1.1" 200 -
::1 - - [04/Sep/2026 06:02:54] code 404, message File not found
::1 - - [04/Sep/2026 06:02:54] "GET /favicon.ico HTTP/1.1" 404 -
::1 - - [04/Sep/2026 06:02:58] "GET /pages/about.html HTTP/1.1" 200 -
::1 - - [04/Sep/2026 06:02:58] "GET /assets/vendor/bootstrap/css/bootstrap.css HTTP/1.1" 200 -
::1 - - [04/Sep/2026 06:02:58] "GET /assets/css/style.css HTTP/1.1" 200 -
::1 - - [04/Sep/2026 06:02:58] "GET /assets/js/index-menu.js HTTP/1.1" 200 -
::1 - - [04/Sep/2026 06:02:58] "GET /assets/images/logo%20bioprint-09.png HTTP/1.1" 200 -
::1 - - [04/Sep/2026 06:02:58] "GET /assets/vendor/bootstrap/js/bootstrap.bundle.js HTTP/1.1" 200 -
::1 - - [04/Sep/2026 06:03:02] "GET /assets/images/fa%C3%A7ade-femme.jpg HTTP/1.1" 200 -
::1 - - [04/Sep/2026 06:03:02] "GET /assets/images/chemise%20bio2%20.jpg HTTP/1.1" 200 -
::1 - - [04/Sep/2026 06:03:02] "GET /assets/images/Image%20footer%202.jpg HTTP/1.1" 200 -
::1 - - [04/Sep/2026 06:03:16] code 404, message File not found
::1 - - [04/Sep/2026 06:03:16] "GET /favicon.ico HTTP/1.1" 404 -
::1 - - [04/Sep/2026 06:03:20] "GET /pages/contact.html HTTP/1.1" 200 -
::1 - - [04/Sep/2026 06:03:20] "GET /assets/css/contact/nous-contacter.css HTTP/1.1" 200 -
::1 - - [04/Sep/2026 06:03:20] "GET /assets/js/index-menu.js HTTP/1.1" 200 -
::1 - - [04/Sep/2026 06:03:20] "GET /assets/images/logo%20bioprint-09.png HTTP/1.1" 200 -
::1 - - [04/Sep/2026 06:03:21] "GET /assets/images/fa%C3%A7ade-femme.jpg HTTP/1.1" 200 -
::1 - - [04/Sep/2026 06:10:52] "GET /index.html HTTP/1.1" 200 -
::1 - - [04/Sep/2026 06:10:52] "GET /assets/vendor/bootstrap/css/bootstrap.css HTTP/1.1" 200 -
::1 - - [04/Sep/2026 06:10:52] "GET /assets/images/logo%20bioprint-09.png HTTP/1.1" 200 -
::1 - - [04/Sep/2026 06:10:52] "GET /assets/images/photo_2024-08-11_14-02-10%20(2).jpg HTTP/1.1" 200 -
::1 - - [04/Sep/2026 06:10:52] "GET /assets/css/style.css HTTP/1.1" 200 -
::1 - - [04/Sep/2026 06:10:52] "GET /assets/images/photo_2024-08-11_14-02-10.jpg HTTP/1.1" 200 -
::1 - - [04/Sep/2026 06:10:52] "GET /assets/images/photo_2024-08-11_14-02-11%20(3).jpg HTTP/1.1" 200 -
::1 - - [04/Sep/2026 06:10:52] "GET /assets/images/photo_2024-08-11_14-02-11.jpg HTTP/1.1" 200 -
::1 - - [04/Sep/2026 06:10:52] "GET /assets/js/index-menu.js HTTP/1.1" 200 -
::1 - - [04/Sep/2026 06:10:52] "GET /assets/vendor/bootstrap/js/bootstrap.bundle.js HTTP/1.1" 200 -
::1 - - [04/Sep/2026 06:10:53] "GET /assets/images/femme%20africaine%20accueil.jpg HTTP/1.1" 200 -
::1 - - [04/Sep/2026 06:10:57] "GET /assets/images/chemise%20bio2%20.jpg HTTP/1.1" 200 -
::1 - - [04/Sep/2026 06:10:57] "GET /assets/images/fa%C3%A7ade-femme.jpg HTTP/1.1" 200 -
::1 - - [04/Sep/2026 06:10:57] "GET /assets/images/masco%20bio.png HTTP/1.1" 200 -
::1 - - [04/Sep/2026 06:10:57] "GET /assets/images/Image%20footer%201.jpg HTTP/1.1" 200 -
::1 - - [04/Sep/2026 06:10:57] "GET /assets/images/Image%20footer%202.jpg HTTP/1.1" 200 -
::1 - - [04/Sep/2026 06:11:17] code 404, message File not found
::1 - - [04/Sep/2026 06:11:17] "GET /favicon.ico HTTP/1.1" 404 -
